
chira@Chirag MINGW64 ~/OneDrive/Desktop/linux-labwork/Question1 (main)        
$ echo "admin logged in" > log.txt

chira@Chirag MINGW64 ~/OneDrive/Desktop/linux-labwork/Question1 (main)
$ grep "admin" log.txt
admin logged in

chira@Chirag MINGW64 ~/OneDrive/Desktop/linux-labwork/Question1 (main)
$ uname -r
3.6.3-7674c51e.x86_64

chira@Chirag MINGW64 ~/OneDrive/Desktop/linux-labwork/Question1 (main)
$ ping -c 4 www.google.com
Access denied. Option -c requires administrative privileges.

chira@Chirag MINGW64 ~/OneDrive/Desktop/linux-labwork/Question1 (main)
$ ping -n 4 www.google.com

Pinging www.google.com [2607:f8b0:400a:806::2004] with 32 bytes of data:
Reply from 2607:f8b0:400a:806::2004: time=32ms 
Reply from 2607:f8b0:400a:806::2004: time=32ms 
Reply from 2607:f8b0:400a:806::2004: time=30ms 
Reply from 2607:f8b0:400a:806::2004: time=31ms 

Ping statistics for 2607:f8b0:400a:806::2004:
    Packets: Sent = 4, Received = 4, Lost = 0 (0% loss),
Approximate round trip times in milli-seconds:
    Minimum = 30ms, Maximum = 32ms, Average = 31ms

chira@Chirag MINGW64 ~/OneDrive/Desktop/linux-labwork/Question1 (main)
$ uptime
bash: uptime: command not found

chira@Chirag MINGW64 ~/OneDrive/Desktop/linux-labwork/Question1 (main)
$ net stats workstation
Workstation Statistics for \\CHIRAG


Statistics since 12/19/2025 12:08:15 PM


  Bytes received                               0
  Server Message Blocks (SMBs) received        1
  Bytes transmitted                            0
  Server Message Blocks (SMBs) transmitted     0
  Read operations                              0
  Write operations                             0
  Raw reads denied                             0
  Raw writes denied                            0

  Network errors                               0
  Connections made                             0
  Reconnections made                           0
  Server disconnects                           0

  Sessions started                             0
  Hung sessions                                0
  Failed sessions                              0
  Failed operations                            0
  Use count                                    0
  Failed use count                             0

The command completed successfully.


chira@Chirag MINGW64 ~/OneDrive/Desktop/linux-labwork/Question1 (main)        
$